src/App.tsx(1,1): error TS6133: 'React' is declared but its value is never read.
src/components/BenefitsSection.tsx(3,60): error TS6133: 'ArrowUpRight' is declared but its value is never read.
src/components/BentoGrid.tsx(3,10): error TS6133: 'Star' is declared but its value is never read.
src/components/FeaturesSection.tsx(1,8): error TS6133: 'React' is declared but its value is never read.
src/components/MatrixEnergyNetwork.tsx(29,11): error TS6133: 'midY' is declared but its value is never read.
src/components/PartnerLogos.tsx(69,29): error TS2322: Type '{ hidden: { opacity: number; y: number; }; visible: { opacity: number; y: number; transition: { duration: number; ease: string; }; }; }' is not assignable to type 'Variants'.
  Property 'visible' is incompatible with index signature.
    Type '{ opacity: number; y: number; transition: { duration: number; ease: string; }; }' is not assignable to type 'Variant'.
      Type '{ opacity: number; y: number; transition: { duration: number; ease: string; }; }' is not assignable to type 'TargetAndTransition'.
        Type '{ opacity: number; y: number; transition: { duration: number; ease: string; }; }' is not assignable to type '{ transition?: Transition<any> | undefined; transitionEnd?: ResolvedValues$1 | undefined; }'.
          Types of property 'transition' are incompatible.
            Type '{ duration: number; ease: string; }' is not assignable to type 'Transition<any> | undefined'.
              Type '{ duration: number; ease: string; }' is not assignable to type 'TransitionWithValueOverrides<any>'.
                Type '{ duration: number; ease: string; }' is not assignable to type 'ValueAnimationTransition<any>'.
                  Types of property 'ease' are incompatible.
                    Type 'string' is not assignable to type 'Easing | Easing[] | undefined'.
